// Jest Snapshot v1, https://goo.gl/fbAQLP

exports[`BarcodeCanvas test renders correctly with 40+ words 1`] = `
<canvas
  canvasId="taro-code-canvas-barcode"
  id="taro-code-canvas-barcode"
  style={
    {
      "height": "60px",
      "width": "300px",
    }
  }
  type="2d"
/>
`;

exports[`BarcodeCanvas test renders correctly with hello world 1`] = `
<canvas
  canvasId="taro-code-canvas-barcode"
  id="taro-code-canvas-barcode"
  style={
    {
      "height": "60px",
      "width": "300px",
    }
  }
  type="2d"
/>
`;
