// Jest Snapshot v1, https://goo.gl/fbAQLP

exports[`Barcode test Barcode test suites 1`] = `"<div class=\\"taro-img\\" style=\\"width:300px;height:60px;\\"><img class=\\"taro-img__mode-scaletofill\\" src=\\"data:image/bmp;base64,Qk2GBwAAAAAAADYAAAAoAAAAcAIAAAEAAAABABgAAAAAAFAHAAATCwAAEwsAAAAAAAAAAAAAAAAAAAAAAAAAAAAAAAAAAAAAAAAAAAAA////////////////AAAAAAAAAAAAAAAA////////////////////////////////AAAAAAAAAAAAAAAA////////////////////////////////////////////////////////////////AAAAAAAAAAAAAAAA////////////////////////////////AAAAAAAAAAAAAAAAAAAAAAAAAAAAAAAA////////////////////////////////////////////////////////////////AAAAAAAAAAAAAAAA////////////////AAAAAAAAAAAAAAAA////////////////AAAAAAAAAAAAAAAAAAAAAAAAAAAAAAAA////////////////////////////////AAAAAAAAAAAAAAAA////////////////////////////////////////////////////////////////AAAAAAAAAAAAAAAAAAAAAAAAAAAAAAAA////////////////////////////////AAAAAAAAAAAAAAAA////////////////AAAAAAAAAAAAAAAA////////////////////////////////////////////////////////////////AAAAAAAAAAAAAAAAAAAAAAAAAAAAAAAA////////////////////////////////AAAAAAAAAAAAAAAA////////////////AAAAAAAAAAAAAAAA////////////////////////////////////////////////////////////////AAAAAAAAAAAAAAAA////////////////////////////////////////////////AAAAAAAAAAAAAAAAAAAAAAAAAAAAAAAAAAAAAAAAAAAAAAAAAAAAAAAAAAAAAAAA////////////////AAAAAAAAAAAAAAAA////////////////AAAAAAAAAAAAAAAAAAAAAAAAAAAAAAAA////////////////AAAAAAAAAAAAAAAAAAAAAAAAAAAAAAAA////////////////////////////////AAAAAAAAAAAAAAAAAAAAAAAAAAAAAAAA////////////////////////////////AAAAAAAAAAAAAAAAAAAAAAAAAAAAAAAAAAAAAAAAAAAAAAAAAAAAAAAAAAAAAAAA////////////////////////////////AAAAAAAAAAAAAAAA////////////////AAAAAAAAAAAAAAAA////////////////////////////////AAAAAAAAAAAAAAAA////////////////////////////////////////////////AAAAAAAAAAAAAAAAAAAAAAAAAAAAAAAAAAAAAAAAAAAAAAAAAAAAAAAAAAAAAAAA////////////////AAAAAAAAAAAAAAAA////////////////AAAAAAAAAAAAAAAA////////////////////////////////AAAAAAAAAAAAAAAA////////////////////////////////AAAAAAAAAAAAAAAAAAAAAAAAAAAAAAAAAAAAAAAAAAAAAAAAAAAAAAAAAAAAAAAA////////////////AAAAAAAAAAAAAAAAAAAAAAAAAAAAAAAA////////////////////////////////AAAAAAAAAAAAAAAA////////////////AAAAAAAAAAAAAAAA////////////////////////////////////////////////////////////////AAAAAAAAAAAAAAAA////////////////////////////////////////////////////////////////AAAAAAAAAAAAAAAA////////////////////////////////AAAAAAAAAAAAAAAAAAAAAAAAAAAAAAAA////////////////AAAAAAAAAAAAAAAA////////////////AAAAAAAAAAAAAAAA////////////////////////////////////////////////AAAAAAAAAAAAAAAAAAAAAAAAAAAAAAAAAAAAAAAAAAAAAAAAAAAAAAAAAAAAAAAA////////////////AAAAAAAAAAAAAAAAAAAAAAAAAAAAAAAA////////////////////////////////////////////////AAAAAAAAAAAAAAAAAAAAAAAAAAAAAAAAAAAAAAAAAAAAAAAA////////////////AAAAAAAAAAAAAAAA////////////////AAAAAAAAAAAAAAAAAAAAAAAAAAAAAAAA\\"/></div>"`;
