// Jest Snapshot v1, https://goo.gl/fbAQLP

exports[`Barcode test renders correctly with hello world 1`] = `
<img
  src="data:image/bmp;base64,Qk2GBwAAAAAAADYAAAAoAAAAcAIAAAEAAAABABgAAAAAAFAHAAATCwAAEwsAAAAAAAAAAAAAAAAAAAAAAAAAAAAAAAAAAAAAAAAAAAAA////////////////AAAAAAAAAAAAAAAA////////////////////////////////AAAAAAAAAAAAAAAA////////////////////////////////////////////////////////////////AAAAAAAAAAAAAAAA////////////////////////////////AAAAAAAAAAAAAAAAAAAAAAAAAAAAAAAA////////////////////////////////////////////////////////////////AAAAAAAAAAAAAAAA////////////////AAAAAAAAAAAAAAAA////////////////AAAAAAAAAAAAAAAAAAAAAAAAAAAAAAAA////////////////////////////////AAAAAAAAAAAAAAAA////////////////////////////////////////////////////////////////AAAAAAAAAAAAAAAAAAAAAAAAAAAAAAAA////////////////////////////////AAAAAAAAAAAAAAAA////////////////AAAAAAAAAAAAAAAA////////////////////////////////////////////////////////////////AAAAAAAAAAAAAAAAAAAAAAAAAAAAAAAA////////////////////////////////AAAAAAAAAAAAAAAA////////////////AAAAAAAAAAAAAAAA////////////////////////////////////////////////////////////////AAAAAAAAAAAAAAAA////////////////////////////////////////////////AAAAAAAAAAAAAAAAAAAAAAAAAAAAAAAAAAAAAAAAAAAAAAAAAAAAAAAAAAAAAAAA////////////////AAAAAAAAAAAAAAAA////////////////AAAAAAAAAAAAAAAAAAAAAAAAAAAAAAAA////////////////AAAAAAAAAAAAAAAAAAAAAAAAAAAAAAAA////////////////////////////////AAAAAAAAAAAAAAAAAAAAAAAAAAAAAAAA////////////////////////////////AAAAAAAAAAAAAAAAAAAAAAAAAAAAAAAAAAAAAAAAAAAAAAAAAAAAAAAAAAAAAAAA////////////////////////////////AAAAAAAAAAAAAAAA////////////////AAAAAAAAAAAAAAAA////////////////////////////////AAAAAAAAAAAAAAAA////////////////////////////////////////////////AAAAAAAAAAAAAAAAAAAAAAAAAAAAAAAAAAAAAAAAAAAAAAAAAAAAAAAAAAAAAAAA////////////////AAAAAAAAAAAAAAAA////////////////AAAAAAAAAAAAAAAA////////////////////////////////AAAAAAAAAAAAAAAA////////////////////////////////AAAAAAAAAAAAAAAAAAAAAAAAAAAAAAAAAAAAAAAAAAAAAAAAAAAAAAAAAAAAAAAA////////////////AAAAAAAAAAAAAAAAAAAAAAAAAAAAAAAA////////////////////////////////AAAAAAAAAAAAAAAA////////////////AAAAAAAAAAAAAAAA////////////////////////////////////////////////////////////////AAAAAAAAAAAAAAAA////////////////////////////////////////////////////////////////AAAAAAAAAAAAAAAA////////////////////////////////AAAAAAAAAAAAAAAAAAAAAAAAAAAAAAAA////////////////AAAAAAAAAAAAAAAA////////////////AAAAAAAAAAAAAAAA////////////////////////////////////////////////AAAAAAAAAAAAAAAAAAAAAAAAAAAAAAAAAAAAAAAAAAAAAAAAAAAAAAAAAAAAAAAA////////////////AAAAAAAAAAAAAAAAAAAAAAAAAAAAAAAA////////////////////////////////////////////////AAAAAAAAAAAAAAAAAAAAAAAAAAAAAAAAAAAAAAAAAAAAAAAA////////////////AAAAAAAAAAAAAAAA////////////////AAAAAAAAAAAAAAAAAAAAAAAAAAAAAAAA"
  style={
    {
      "height": "60px",
      "width": "300px",
    }
  }
/>
`;
